** Drc report for Impulse_2.2.kicad_pcb **
** Created on 2026-07-02T12:53:01 **
** Report includes: Errors **

** Found 4 DRC violations **
[courtyards_overlap]: Courtyards overlap
    Rule: board setup constraints courtyard; error
    @(49.0652 mm, 68.6334 mm): Footprint Q17
    @(49.0652 mm, 72.2884 mm): Footprint P2O
[courtyards_overlap]: Courtyards overlap
    Rule: board setup constraints courtyard; error
    @(62.2732 mm, 72.2884 mm): Footprint P1O
    @(62.2732 mm, 68.6334 mm): Footprint Q16
[courtyards_overlap]: Courtyards overlap
    Rule: board setup constraints courtyard; error
    @(45.0012 mm, 72.2884 mm): Footprint P3O
    @(45.0012 mm, 68.6334 mm): Footprint Q19
[courtyards_overlap]: Courtyards overlap
    Rule: board setup constraints courtyard; error
    @(66.3372 mm, 72.2884 mm): Footprint P4O
    @(66.3372 mm, 68.6334 mm): Footprint Q18

** Found 136 unconnected pads **
[unconnected_items]: Missing connection between items
    Local override; error
    @(46.9900 mm, 102.8700 mm): PTH pad 1 [3.3V] of J_SENSOR1
    @(112.3950 mm, 93.9800 mm): PTH pad 3V3_2 [3.3V] of U1
[unconnected_items]: Missing connection between items
    Local override; error
    @(112.3950 mm, 93.9800 mm): PTH pad 3V3_2 [3.3V] of U1
    @(142.8750 mm, 109.2200 mm): PTH pad 3V3_1 [3.3V] of U1
[unconnected_items]: Missing connection between items
    Local override; error
    @(112.3950 mm, 93.9800 mm): PTH pad 3V3_2 [3.3V] of U1
    @(113.5888 mm, 48.5500 mm): PTH pad 1 [3.3V] of BUTTON1
[unconnected_items]: Missing connection between items
    Local override; error
    @(113.5888 mm, 48.5500 mm): PTH pad 1 [3.3V] of BUTTON1
    @(120.0888 mm, 48.5500 mm): PTH pad 1 [3.3V] of BUTTON1
[unconnected_items]: Missing connection between items
    Local override; error
    @(120.0888 mm, 48.5500 mm): PTH pad 1 [3.3V] of BUTTON1
    @(123.1900 mm, 34.1960 mm): PTH pad 1 [3.3V] of U6
[unconnected_items]: Missing connection between items
    Local override; error
    @(123.1900 mm, 34.1960 mm): PTH pad 1 [3.3V] of U6
    @(99.3388 mm, 23.4288 mm): Pad 1 [3.3V] of LED1 on F.Cu
[unconnected_items]: Missing connection between items
    Local override; error
    @(136.8615 mm, 39.8399 mm): PTH pad 1 [3.3V] of U7
    @(123.1900 mm, 34.1960 mm): PTH pad 1 [3.3V] of U6
[unconnected_items]: Missing connection between items
    Local override; error
    @(86.0305 mm, 17.7800 mm): Pad 1 [BUTTON] of R23 on F.Cu
    @(113.5888 mm, 53.0500 mm): PTH pad 2 [BUTTON] of BUTTON1
[unconnected_items]: Missing connection between items
    Local override; error
    @(120.0888 mm, 53.0500 mm): PTH pad 2 [BUTTON] of BUTTON1
    @(113.5888 mm, 53.0500 mm): PTH pad 2 [BUTTON] of BUTTON1
[unconnected_items]: Missing connection between items
    Local override; error
    @(137.7950 mm, 93.9800 mm): PTH pad 14 [BUTTON] of U1
    @(120.0888 mm, 53.0500 mm): PTH pad 2 [BUTTON] of BUTTON1
[unconnected_items]: Missing connection between items
    Local override; error
    @(96.7115 mm, 66.0400 mm): PTH pad 1 [BUZZER] of BUZZER1
    @(140.3350 mm, 93.9800 mm): PTH pad 13 [BUZZER] of U1
[unconnected_items]: Missing connection between items
    Local override; error
    @(16.0137 mm, 39.3700 mm): Pad 1 [GND] of C33 on F.Cu
    @(16.4922 mm, 33.0200 mm): PTH pad 3 [GND] of X1
[unconnected_items]: Missing connection between items
    Local override; error
    @(16.0137 mm, 39.3700 mm): Pad 1 [GND] of C33 on F.Cu
    @(27.3799 mm, 53.2384 mm): Pad 2 [GND] of C39 on B.Cu
[unconnected_items]: Missing connection between items
    Local override; error
    @(16.4922 mm, 21.5900 mm): PTH pad 3 [GND] of Y1
    @(16.4922 mm, 33.0200 mm): PTH pad 3 [GND] of X1
[unconnected_items]: Missing connection between items
    Local override; error
    @(25.3822 mm, 21.5900 mm): PTH pad 3 [GND] of SERVO1
    @(16.4922 mm, 21.5900 mm): PTH pad 3 [GND] of Y1
[unconnected_items]: Missing connection between items
    Local override; error
    @(36.0000 mm, 48.9750 mm): Pad 2 [GND] of C1 on B.Cu
    @(39.6625 mm, 50.6500 mm): Pad 4 [GND] of U2 on B.Cu
[unconnected_items]: Missing connection between items
    Local override; error
    @(36.0000 mm, 48.9750 mm): Pad 2 [GND] of C1 on B.Cu
    @(27.3799 mm, 53.2384 mm): Pad 2 [GND] of C39 on B.Cu
[unconnected_items]: Missing connection between items
    Local override; error
    @(39.6625 mm, 50.6500 mm): Pad 4 [GND] of U2 on B.Cu
    @(52.5000 mm, 48.4750 mm): Pad 2 [GND] of C5 on B.Cu
[unconnected_items]: Missing connection between items
    Local override; error
    @(44.0512 mm, 67.6959 mm): Pad 2 [GND] of Q19 on F.Cu
    @(48.1152 mm, 67.6959 mm): Pad 2 [GND] of Q17 on F.Cu
[unconnected_items]: Missing connection between items
    Local override; error
    @(48.1152 mm, 67.6959 mm): Pad 2 [GND] of Q17 on F.Cu
    @(47.5412 mm, 62.9521 mm): Pad 2 [GND] of R50 on F.Cu
[unconnected_items]: Missing connection between items
    Local override; error
    @(52.0700 mm, 59.7619 mm): Pad 2 [GND] of R51 on F.Cu
    @(56.4896 mm, 62.9521 mm): Pad 2 [GND] of R53 on F.Cu
[unconnected_items]: Missing connection between items
    Local override; error
    @(52.0700 mm, 59.7619 mm): Pad 2 [GND] of R51 on F.Cu
    @(47.5412 mm, 62.9521 mm): Pad 2 [GND] of R50 on F.Cu
[unconnected_items]: Missing connection between items
    Local override; error
    @(52.5000 mm, 48.4750 mm): Pad 2 [GND] of C5 on B.Cu
    @(55.0000 mm, 48.4750 mm): Pad 2 [GND] of C6 on B.Cu
[unconnected_items]: Missing connection between items
    Local override; error
    @(52.5000 mm, 48.4750 mm): Pad 2 [GND] of C5 on B.Cu
    @(52.0700 mm, 59.7619 mm): Pad 2 [GND] of R51 on F.Cu
[unconnected_items]: Missing connection between items
    Local override; error
    @(52.6212 mm, 72.2884 mm): PTH pad 2 [GND] of PYRO1
    @(48.1152 mm, 67.6959 mm): Pad 2 [GND] of Q17 on F.Cu
[unconnected_items]: Missing connection between items
    Local override; error
    @(56.4896 mm, 62.9521 mm): Pad 2 [GND] of R53 on F.Cu
    @(61.3232 mm, 67.6959 mm): Pad 2 [GND] of Q16 on F.Cu
[unconnected_items]: Missing connection between items
    Local override; error
    @(56.4896 mm, 62.9521 mm): Pad 2 [GND] of R53 on F.Cu
    @(62.2300 mm, 57.2219 mm): Pad 2 [GND] of R52 on F.Cu
[unconnected_items]: Missing connection between items
    Local override; error
    @(57.1500 mm, 100.3300 mm): PTH pad 10 [GND] of J_SENSOR1
    @(46.9900 mm, 100.3300 mm): PTH pad 2 [GND] of J_SENSOR1
[unconnected_items]: Missing connection between items
    Local override; error
    @(57.1500 mm, 100.3300 mm): PTH pad 10 [GND] of J_SENSOR1
    @(52.6212 mm, 72.2884 mm): PTH pad 2 [GND] of PYRO1
[unconnected_items]: Missing connection between items
    Local override; error
    @(65.3872 mm, 67.6959 mm): Pad 2 [GND] of Q18 on F.Cu
    @(61.3232 mm, 67.6959 mm): Pad 2 [GND] of Q16 on F.Cu
[unconnected_items]: Missing connection between items
    Local override; error
    @(81.2500 mm, 57.0000 mm): Pad 2 [GND] of C10 on F.Cu
    @(62.2300 mm, 57.2219 mm): Pad 2 [GND] of R52 on F.Cu
[unconnected_items]: Missing connection between items
    Local override; error
    @(84.3805 mm, 17.7800 mm): Pad 2 [GND] of R23 on F.Cu
    @(81.5365 mm, 23.5112 mm): Pad 1 [GND] of P3 on F.Cu
[unconnected_items]: Missing connection between items
    Local override; error
    @(84.3805 mm, 17.7800 mm): Pad 2 [GND] of R23 on F.Cu
    @(76.2000 mm, 17.0622 mm): Pad 1 [GND] of P4 on F.Cu
[unconnected_items]: Missing connection between items
    Local override; error
    @(86.3600 mm, 30.4800 mm): PTH pad 2 [GND] of BAT_MAIN1
    @(81.5365 mm, 23.5112 mm): Pad 1 [GND] of P3 on F.Cu
[unconnected_items]: Missing connection between items
    Local override; error
    @(89.0000 mm, 48.0000 mm): PTH pad 3 [GND] of SERVO4
    @(81.2500 mm, 57.0000 mm): Pad 2 [GND] of C10 on F.Cu
[unconnected_items]: Missing connection between items
    Local override; error
    @(92.7115 mm, 66.0400 mm): PTH pad 2 [GND] of BUZZER1
    @(99.0600 mm, 53.3400 mm): PTH pad 3 [GND] of SERVO3
[unconnected_items]: Missing connection between items
    Local override; error
    @(94.5000 mm, 41.5000 mm): PTH pad 3 [GND] of SERVO2
    @(89.0000 mm, 48.0000 mm): PTH pad 3 [GND] of SERVO4
[unconnected_items]: Missing connection between items
    Local override; error
    @(94.5000 mm, 41.5000 mm): PTH pad 3 [GND] of SERVO2
    @(86.3600 mm, 30.4800 mm): PTH pad 2 [GND] of BAT_MAIN1
[unconnected_items]: Missing connection between items
    Local override; error
    @(99.0600 mm, 53.3400 mm): PTH pad 3 [GND] of SERVO3
    @(89.0000 mm, 48.0000 mm): PTH pad 3 [GND] of SERVO4
[unconnected_items]: Missing connection between items
    Local override; error
    @(101.8565 mm, 33.6712 mm): Pad 1 [GND] of P2 on F.Cu
    @(94.5000 mm, 41.5000 mm): PTH pad 3 [GND] of SERVO2
[unconnected_items]: Missing connection between items
    Local override; error
    @(101.8565 mm, 33.6712 mm): Pad 1 [GND] of P2 on F.Cu
    @(102.8700 mm, 16.6405 mm): Pad 1 [GND] of P1 on F.Cu
[unconnected_items]: Missing connection between items
    Local override; error
    @(107.3150 mm, 109.2200 mm): PTH pad GND1 [GND] of U1
    @(109.8550 mm, 93.9800 mm): PTH pad GND3 [GND] of U1
[unconnected_items]: Missing connection between items
    Local override; error
    @(109.8550 mm, 93.9800 mm): PTH pad GND3 [GND] of U1
    @(92.7115 mm, 66.0400 mm): PTH pad 2 [GND] of BUZZER1
[unconnected_items]: Missing connection between items
    Local override; error
    @(123.1900 mm, 31.6560 mm): PTH pad 2 [GND] of U6
    @(101.8565 mm, 33.6712 mm): Pad 1 [GND] of P2 on F.Cu
[unconnected_items]: Missing connection between items
    Local override; error
    @(139.4015 mm, 39.8399 mm): PTH pad 2 [GND] of U7
    @(123.1900 mm, 31.6560 mm): PTH pad 2 [GND] of U6
[unconnected_items]: Missing connection between items
    Local override; error
    @(139.4015 mm, 39.8399 mm): PTH pad 2 [GND] of U7
    @(160.6334 mm, 58.9508 mm): Pad 2 [GND] of C43 on F.Cu
[unconnected_items]: Missing connection between items
    Local override; error
    @(142.8750 mm, 93.9800 mm): PTH pad GND2 [GND] of U1
    @(109.8550 mm, 93.9800 mm): PTH pad GND3 [GND] of U1
[unconnected_items]: Missing connection between items
    Local override; error
    @(166.7000 mm, 22.1750 mm): Pad 2 [GND] of C2 on B.Cu
    @(170.3625 mm, 23.8500 mm): Pad 4 [GND] of U3 on B.Cu
[unconnected_items]: Missing connection between items
    Local override; error
    @(166.7000 mm, 22.1750 mm): Pad 2 [GND] of C2 on B.Cu
    @(139.4015 mm, 39.8399 mm): PTH pad 2 [GND] of U7
[unconnected_items]: Missing connection between items
    Local override; error
    @(183.2000 mm, 21.6750 mm): Pad 2 [GND] of C7 on B.Cu
    @(170.3625 mm, 23.8500 mm): Pad 4 [GND] of U3 on B.Cu
[unconnected_items]: Missing connection between items
    Local override; error
    @(185.7000 mm, 21.6750 mm): Pad 2 [GND] of C8 on B.Cu
    @(183.2000 mm, 21.6750 mm): Pad 2 [GND] of C7 on B.Cu
[unconnected_items]: Missing connection between items
    Local override; error
    @(41.9375 mm, 48.7500 mm): Pad 1 [5V-CLEAN] of U2 on B.Cu
    @(45.4250 mm, 49.7000 mm): Pad 2 [5V-CLEAN] of L1 on B.Cu
[unconnected_items]: Missing connection between items
    Local override; error
    @(41.9375 mm, 48.7500 mm): Pad 1 [5V-CLEAN] of U2 on B.Cu
    @(14.4637 mm, 39.3700 mm): Pad 2 [5V-CLEAN] of C33 on F.Cu
[unconnected_items]: Missing connection between items
    Local override; error
    @(52.5000 mm, 45.5250 mm): Pad 1 [5V-CLEAN] of C5 on B.Cu
    @(45.4250 mm, 49.7000 mm): Pad 2 [5V-CLEAN] of L1 on B.Cu
[unconnected_items]: Missing connection between items
    Local override; error
    @(55.0000 mm, 45.5250 mm): Pad 1 [5V-CLEAN] of C6 on B.Cu
    @(52.5000 mm, 45.5250 mm): Pad 1 [5V-CLEAN] of C5 on B.Cu
[unconnected_items]: Missing connection between items
    Local override; error
    @(107.3150 mm, 93.9800 mm): PTH pad VIN [5V-CLEAN] of U1
    @(55.0000 mm, 45.5250 mm): Pad 1 [5V-CLEAN] of C6 on B.Cu
[unconnected_items]: Missing connection between items
    Local override; error
    @(36.0000 mm, 46.0250 mm): Pad 1 [VBAT] of C1 on B.Cu
    @(21.9799 mm, 53.2384 mm): Pad 1 [VBAT] of C39 on B.Cu
[unconnected_items]: Missing connection between items
    Local override; error
    @(41.9375 mm, 49.7000 mm): Pad 2 [VBAT] of U2 on B.Cu
    @(36.0000 mm, 46.0250 mm): Pad 1 [VBAT] of C1 on B.Cu
[unconnected_items]: Missing connection between items
    Local override; error
    @(41.9375 mm, 49.7000 mm): Pad 2 [VBAT] of U2 on B.Cu
    @(143.9266 mm, 23.6956 mm): PTH pad 2 [VBAT] of SW1
[unconnected_items]: Missing connection between items
    Local override; error
    @(41.9375 mm, 50.6500 mm): Pad 3 [VBAT] of U2 on B.Cu
    @(41.9375 mm, 49.7000 mm): Pad 2 [VBAT] of U2 on B.Cu
[unconnected_items]: Missing connection between items
    Local override; error
    @(166.7000 mm, 19.2250 mm): Pad 1 [VBAT] of C2 on B.Cu
    @(143.9266 mm, 23.6956 mm): PTH pad 2 [VBAT] of SW1
[unconnected_items]: Missing connection between items
    Local override; error
    @(172.6375 mm, 22.9000 mm): Pad 2 [VBAT] of U3 on B.Cu
    @(166.7000 mm, 19.2250 mm): Pad 1 [VBAT] of C2 on B.Cu
[unconnected_items]: Missing connection between items
    Local override; error
    @(172.6375 mm, 23.8500 mm): Pad 3 [VBAT] of U3 on B.Cu
    @(172.6375 mm, 22.9000 mm): Pad 2 [VBAT] of U3 on B.Cu
[unconnected_items]: Missing connection between items
    Local override; error
    @(16.4922 mm, 19.0500 mm): PTH pad 2 [5V-DIRTY] of Y1
    @(16.4922 mm, 30.4800 mm): PTH pad 2 [5V-DIRTY] of X1
[unconnected_items]: Missing connection between items
    Local override; error
    @(25.3822 mm, 19.0500 mm): PTH pad 2 [5V-DIRTY] of SERVO1
    @(16.4922 mm, 19.0500 mm): PTH pad 2 [5V-DIRTY] of Y1
[unconnected_items]: Missing connection between items
    Local override; error
    @(25.3822 mm, 19.0500 mm): PTH pad 2 [5V-DIRTY] of SERVO1
    @(89.0000 mm, 45.4600 mm): PTH pad 2 [5V-DIRTY] of SERVO4
[unconnected_items]: Missing connection between items
    Local override; error
    @(89.0000 mm, 45.4600 mm): PTH pad 2 [5V-DIRTY] of SERVO4
    @(94.5000 mm, 38.9600 mm): PTH pad 2 [5V-DIRTY] of SERVO2
[unconnected_items]: Missing connection between items
    Local override; error
    @(89.0000 mm, 45.4600 mm): PTH pad 2 [5V-DIRTY] of SERVO4
    @(99.0600 mm, 50.8000 mm): PTH pad 2 [5V-DIRTY] of SERVO3
[unconnected_items]: Missing connection between items
    Local override; error
    @(99.0600 mm, 50.8000 mm): PTH pad 2 [5V-DIRTY] of SERVO3
    @(155.2334 mm, 58.9508 mm): Pad 1 [5V-DIRTY] of C43 on F.Cu
[unconnected_items]: Missing connection between items
    Local override; error
    @(157.9300 mm, 69.5400 mm): PTH pad 2 [5V-DIRTY] of SERVO_EN1
    @(155.2334 mm, 58.9508 mm): Pad 1 [5V-DIRTY] of C43 on F.Cu
[unconnected_items]: Missing connection between items
    Local override; error
    @(49.5300 mm, 102.8700 mm): PTH pad 3 [SCK] of J_SENSOR1
    @(153.0350 mm, 109.2200 mm): PTH pad 27 [SCK] of U1
[unconnected_items]: Missing connection between items
    Local override; error
    @(49.5300 mm, 100.3300 mm): PTH pad 4 [MOSI] of J_SENSOR1
    @(150.4950 mm, 109.2200 mm): PTH pad 26 [MOSI] of U1
[unconnected_items]: Missing connection between items
    Local override; error
    @(52.0700 mm, 102.8700 mm): PTH pad 5 [MISO] of J_SENSOR1
    @(112.3950 mm, 109.2200 mm): PTH pad 1 [MISO] of U1
[unconnected_items]: Missing connection between items
    Local override; error
    @(52.0700 mm, 100.3300 mm): PTH pad 6 [CS_IMU] of J_SENSOR1
    @(109.8550 mm, 109.2200 mm): PTH pad 0 [CS_IMU] of U1
[unconnected_items]: Missing connection between items
    Local override; error
    @(54.6100 mm, 102.8700 mm): PTH pad 7 [INT_IMU] of J_SENSOR1
    @(114.9350 mm, 109.2200 mm): PTH pad 2 [INT_IMU] of U1
[unconnected_items]: Missing connection between items
    Local override; error
    @(54.6100 mm, 100.3300 mm): PTH pad 8 [SDA] of J_SENSOR1
    @(127.6350 mm, 93.9800 mm): PTH pad 18 [SDA] of U1
[unconnected_items]: Missing connection between items
    Local override; error
    @(123.1900 mm, 24.0360 mm): PTH pad 5 [SDA] of U6
    @(123.1900 mm, 26.5760 mm): PTH pad 4 [SDA] of U6
[unconnected_items]: Missing connection between items
    Local override; error
    @(127.6350 mm, 93.9800 mm): PTH pad 18 [SDA] of U1
    @(144.4815 mm, 39.8399 mm): PTH pad 4 [SDA] of U7
[unconnected_items]: Missing connection between items
    Local override; error
    @(144.4815 mm, 39.8399 mm): PTH pad 4 [SDA] of U7
    @(123.1900 mm, 26.5760 mm): PTH pad 4 [SDA] of U6
[unconnected_items]: Missing connection between items
    Local override; error
    @(57.1500 mm, 102.8700 mm): PTH pad 9 [SCL] of J_SENSOR1
    @(125.0950 mm, 93.9800 mm): PTH pad 19 [SCL] of U1
[unconnected_items]: Missing connection between items
    Local override; error
    @(123.1900 mm, 21.4960 mm): PTH pad 6 [SCL] of U6
    @(123.1900 mm, 29.1160 mm): PTH pad 3 [SCL] of U6
[unconnected_items]: Missing connection between items
    Local override; error
    @(123.1900 mm, 29.1160 mm): PTH pad 3 [SCL] of U6
    @(141.9415 mm, 39.8399 mm): PTH pad 3 [SCL] of U7
[unconnected_items]: Missing connection between items
    Local override; error
    @(125.0950 mm, 93.9800 mm): PTH pad 19 [SCL] of U1
    @(141.9415 mm, 39.8399 mm): PTH pad 3 [SCL] of U7
[unconnected_items]: Missing connection between items
    Local override; error
    @(44.4500 mm, 65.5937 mm): Pad 2 [Net-(LED1-BK)] of R38 on F.Cu
    @(99.3388 mm, 24.8288 mm): Pad 2 [Net-(LED1-BK)] of LED1 on F.Cu
[unconnected_items]: Missing connection between items
    Local override; error
    @(37.4396 mm, 62.1482 mm): Pad 2 [Net-(LED1-RK)] of R40 on F.Cu
    @(96.2388 mm, 23.4288 mm): Pad 3 [Net-(LED1-RK)] of LED1 on F.Cu
[unconnected_items]: Missing connection between items
    Local override; error
    @(41.1912 mm, 62.9521 mm): Pad 2 [Net-(LED1-GK)] of R39 on F.Cu
    @(96.2388 mm, 24.8288 mm): Pad 4 [Net-(LED1-GK)] of LED1 on F.Cu
[unconnected_items]: Missing connection between items
    Local override; error
    @(86.3600 mm, 27.9400 mm): PTH pad 1 [Net-(BAT_MAIN1-Pin_1)] of BAT_MAIN1
    @(136.3066 mm, 23.6956 mm): PTH pad 1 [Net-(BAT_MAIN1-Pin_1)] of SW1
[unconnected_items]: Missing connection between items
    Local override; error
    @(93.1537 mm, 29.8704 mm): Pad 1 [Net-(P1-A)] of R37 on F.Cu
    @(102.8700 mm, 18.5155 mm): Pad 2 [Net-(P1-A)] of P1 on F.Cu
[unconnected_items]: Missing connection between items
    Local override; error
    @(47.5412 mm, 61.3021 mm): Pad 1 [PYRO1] of R50 on F.Cu
    @(30.4800 mm, 88.9000 mm): PTH pad 1 [PYRO1] of P1+P2
[unconnected_items]: Missing connection between items
    Local override; error
    @(63.2232 mm, 67.6959 mm): Pad 1 [PYRO1] of Q16 on F.Cu
    @(47.5412 mm, 61.3021 mm): Pad 1 [PYRO1] of R50 on F.Cu
[unconnected_items]: Missing connection between items
    Local override; error
    @(132.7150 mm, 109.2200 mm): PTH pad 9 [PYRO1] of U1
    @(63.2232 mm, 67.6959 mm): Pad 1 [PYRO1] of Q16 on F.Cu
[unconnected_items]: Missing connection between items
    Local override; error
    @(33.0200 mm, 88.9000 mm): PTH pad 2 [PYRO2] of P1+P2
    @(50.0152 mm, 67.6959 mm): Pad 1 [PYRO2] of Q17 on F.Cu
[unconnected_items]: Missing connection between items
    Local override; error
    @(50.0152 mm, 67.6959 mm): Pad 1 [PYRO2] of Q17 on F.Cu
    @(52.0700 mm, 58.1119 mm): Pad 1 [PYRO2] of R51 on F.Cu
[unconnected_items]: Missing connection between items
    Local override; error
    @(135.2550 mm, 109.2200 mm): PTH pad 10 [PYRO2] of U1
    @(50.0152 mm, 67.6959 mm): Pad 1 [PYRO2] of Q17 on F.Cu
[unconnected_items]: Missing connection between items
    Local override; error
    @(62.2732 mm, 69.5709 mm): Pad 3 [Net-(P1O-Pin_1)] of Q16 on F.Cu
    @(62.2732 mm, 72.2884 mm): PTH pad 1 [Net-(P1O-Pin_1)] of P1O
[unconnected_items]: Missing connection between items
    Local override; error
    @(94.8037 mm, 29.8704 mm): Pad 2 [Net-(P1O-Pin_1)] of R37 on F.Cu
    @(62.2732 mm, 69.5709 mm): Pad 3 [Net-(P1O-Pin_1)] of Q16 on F.Cu
[unconnected_items]: Missing connection between items
    Local override; error
    @(45.0012 mm, 74.8284 mm): PTH pad 2 [7.4V] of P3O
    @(49.0652 mm, 74.8284 mm): PTH pad 2 [7.4V] of P2O
[unconnected_items]: Missing connection between items
    Local override; error
    @(49.0652 mm, 74.8284 mm): PTH pad 2 [7.4V] of P2O
    @(58.7172 mm, 74.8284 mm): PTH pad 1 [7.4V] of PYRO_ON1
[unconnected_items]: Missing connection between items
    Local override; error
    @(58.7172 mm, 74.8284 mm): PTH pad 1 [7.4V] of PYRO_ON1
    @(62.2732 mm, 74.8284 mm): PTH pad 2 [7.4V] of P1O
[unconnected_items]: Missing connection between items
    Local override; error
    @(62.2732 mm, 74.8284 mm): PTH pad 2 [7.4V] of P1O
    @(66.3372 mm, 74.8284 mm): PTH pad 2 [7.4V] of P4O
[unconnected_items]: Missing connection between items
    Local override; error
    @(66.3372 mm, 74.8284 mm): PTH pad 2 [7.4V] of P4O
    @(74.7500 mm, 57.0000 mm): Pad 1 [7.4V] of C10 on F.Cu
[unconnected_items]: Missing connection between items
    Local override; error
    @(101.8565 mm, 35.5462 mm): Pad 2 [Net-(P2-A)] of P2 on F.Cu
    @(142.5694 mm, 66.0400 mm): Pad 1 [Net-(P2-A)] of R41 on F.Cu
[unconnected_items]: Missing connection between items
    Local override; error
    @(49.0652 mm, 69.5709 mm): Pad 3 [Net-(P2O-Pin_1)] of Q17 on F.Cu
    @(49.0652 mm, 72.2884 mm): PTH pad 1 [Net-(P2O-Pin_1)] of P2O
[unconnected_items]: Missing connection between items
    Local override; error
    @(144.2194 mm, 66.0400 mm): Pad 2 [Net-(P2O-Pin_1)] of R41 on F.Cu
    @(49.0652 mm, 69.5709 mm): Pad 3 [Net-(P2O-Pin_1)] of Q17 on F.Cu
[unconnected_items]: Missing connection between items
    Local override; error
    @(81.5365 mm, 25.3862 mm): Pad 2 [Net-(P3-A)] of P3 on F.Cu
    @(104.1595 mm, 59.0296 mm): Pad 1 [Net-(P3-A)] of R43 on F.Cu
[unconnected_items]: Missing connection between items
    Local override; error
    @(45.9512 mm, 67.6959 mm): Pad 1 [PYRO3] of Q19 on F.Cu
    @(25.4000 mm, 82.5500 mm): PTH pad 1 [PYRO3] of P3+P4
[unconnected_items]: Missing connection between items
    Local override; error
    @(56.4896 mm, 61.3021 mm): Pad 1 [PYRO3] of R53 on F.Cu
    @(45.9512 mm, 67.6959 mm): Pad 1 [PYRO3] of Q19 on F.Cu
[unconnected_items]: Missing connection between items
    Local override; error
    @(137.7950 mm, 109.2200 mm): PTH pad 11 [PYRO3] of U1
    @(56.4896 mm, 61.3021 mm): Pad 1 [PYRO3] of R53 on F.Cu
[unconnected_items]: Missing connection between items
    Local override; error
    @(27.9400 mm, 82.5500 mm): PTH pad 2 [PYRO4] of P3+P4
    @(67.2872 mm, 67.6959 mm): Pad 1 [PYRO4] of Q18 on F.Cu
[unconnected_items]: Missing connection between items
    Local override; error
    @(67.2872 mm, 67.6959 mm): Pad 1 [PYRO4] of Q18 on F.Cu
    @(62.2300 mm, 55.5719 mm): Pad 1 [PYRO4] of R52 on F.Cu
[unconnected_items]: Missing connection between items
    Local override; error
    @(140.3350 mm, 109.2200 mm): PTH pad 12 [PYRO4] of U1
    @(67.2872 mm, 67.6959 mm): Pad 1 [PYRO4] of Q18 on F.Cu
[unconnected_items]: Missing connection between items
    Local override; error
    @(45.0012 mm, 69.5709 mm): Pad 3 [Net-(P3O-Pin_1)] of Q19 on F.Cu
    @(45.0012 mm, 72.2884 mm): PTH pad 1 [Net-(P3O-Pin_1)] of P3O
[unconnected_items]: Missing connection between items
    Local override; error
    @(105.8095 mm, 59.0296 mm): Pad 2 [Net-(P3O-Pin_1)] of R43 on F.Cu
    @(45.0012 mm, 69.5709 mm): Pad 3 [Net-(P3O-Pin_1)] of Q19 on F.Cu
[unconnected_items]: Missing connection between items
    Local override; error
    @(76.2000 mm, 18.9372 mm): Pad 2 [Net-(P4-A)] of P4 on F.Cu
    @(117.2837 mm, 63.5000 mm): Pad 1 [Net-(P4-A)] of R42 on F.Cu
[unconnected_items]: Missing connection between items
    Local override; error
    @(66.3372 mm, 69.5709 mm): Pad 3 [Net-(P4O-Pin_1)] of Q18 on F.Cu
    @(66.3372 mm, 72.2884 mm): PTH pad 1 [Net-(P4O-Pin_1)] of P4O
[unconnected_items]: Missing connection between items
    Local override; error
    @(118.9337 mm, 63.5000 mm): Pad 2 [Net-(P4O-Pin_1)] of R42 on F.Cu
    @(66.3372 mm, 69.5709 mm): Pad 3 [Net-(P4O-Pin_1)] of Q18 on F.Cu
[unconnected_items]: Missing connection between items
    Local override; error
    @(55.1612 mm, 72.2884 mm): PTH pad 1 [Net-(PYRO1-Pin_1)] of PYRO1
    @(58.7172 mm, 72.2884 mm): PTH pad 2 [Net-(PYRO1-Pin_1)] of PYRO_ON1
[unconnected_items]: Missing connection between items
    Local override; error
    @(44.4500 mm, 63.9437 mm): Pad 1 [B_LED] of R38 on F.Cu
    @(130.1750 mm, 109.2200 mm): PTH pad 8 [B_LED] of U1
[unconnected_items]: Missing connection between items
    Local override; error
    @(41.1912 mm, 61.3021 mm): Pad 1 [G_LED] of R39 on F.Cu
    @(127.6350 mm, 109.2200 mm): PTH pad 7 [G_LED] of U1
[unconnected_items]: Missing connection between items
    Local override; error
    @(37.4396 mm, 60.4982 mm): Pad 1 [R_LED] of R40 on F.Cu
    @(125.0950 mm, 109.2200 mm): PTH pad 6 [R_LED] of U1
[unconnected_items]: Missing connection between items
    Local override; error
    @(25.3822 mm, 16.5100 mm): PTH pad 1 [SERVO1] of SERVO1
    @(122.5550 mm, 109.2200 mm): PTH pad 5 [SERVO1] of U1
[unconnected_items]: Missing connection between items
    Local override; error
    @(94.5000 mm, 36.4200 mm): PTH pad 1 [SERVO2] of SERVO2
    @(155.5750 mm, 109.2200 mm): PTH pad 28 [SERVO2] of U1
[unconnected_items]: Missing connection between items
    Local override; error
    @(99.0600 mm, 48.2600 mm): PTH pad 1 [SERVO3] of SERVO3
    @(158.1150 mm, 109.2200 mm): PTH pad 29 [SERVO3] of U1
[unconnected_items]: Missing connection between items
    Local override; error
    @(89.0000 mm, 42.9200 mm): PTH pad 1 [SERVO4] of SERVO4
    @(147.9550 mm, 109.2200 mm): PTH pad 25 [SERVO4] of U1
[unconnected_items]: Missing connection between items
    Local override; error
    @(16.4922 mm, 27.9400 mm): PTH pad 1 [SERVOX] of X1
    @(117.4750 mm, 109.2200 mm): PTH pad 3 [SERVOX] of U1
[unconnected_items]: Missing connection between items
    Local override; error
    @(16.4922 mm, 16.5100 mm): PTH pad 1 [SERVOY] of Y1
    @(120.0150 mm, 109.2200 mm): PTH pad 4 [SERVOY] of U1
[unconnected_items]: Missing connection between items
    Local override; error
    @(39.6625 mm, 49.7000 mm): Pad 5 [Net-(U2-SW)] of U2 on B.Cu
    @(49.5750 mm, 49.7000 mm): Pad 1 [Net-(U2-SW)] of L1 on B.Cu
[unconnected_items]: Missing connection between items
    Local override; error
    @(40.0250 mm, 45.6000 mm): Pad 2 [Net-(U2-SW)] of C3 on B.Cu
    @(39.6625 mm, 49.7000 mm): Pad 5 [Net-(U2-SW)] of U2 on B.Cu
[unconnected_items]: Missing connection between items
    Local override; error
    @(39.6625 mm, 48.7500 mm): Pad 6 [Net-(U2-BST)] of U2 on B.Cu
    @(41.5750 mm, 45.6000 mm): Pad 1 [Net-(U2-BST)] of C3 on B.Cu
[unconnected_items]: Missing connection between items
    Local override; error
    @(172.6375 mm, 21.9500 mm): Pad 1 [Net-(SERVO_EN1-Pin_1)] of U3 on B.Cu
    @(176.1250 mm, 22.9000 mm): Pad 2 [Net-(SERVO_EN1-Pin_1)] of L2 on B.Cu
[unconnected_items]: Missing connection between items
    Local override; error
    @(172.6375 mm, 21.9500 mm): Pad 1 [Net-(SERVO_EN1-Pin_1)] of U3 on B.Cu
    @(157.9300 mm, 67.0000 mm): PTH pad 1 [Net-(SERVO_EN1-Pin_1)] of SERVO_EN1
[unconnected_items]: Missing connection between items
    Local override; error
    @(176.1250 mm, 22.9000 mm): Pad 2 [Net-(SERVO_EN1-Pin_1)] of L2 on B.Cu
    @(183.2000 mm, 18.7250 mm): Pad 1 [Net-(SERVO_EN1-Pin_1)] of C7 on B.Cu
[unconnected_items]: Missing connection between items
    Local override; error
    @(185.7000 mm, 18.7250 mm): Pad 1 [Net-(SERVO_EN1-Pin_1)] of C8 on B.Cu
    @(183.2000 mm, 18.7250 mm): Pad 1 [Net-(SERVO_EN1-Pin_1)] of C7 on B.Cu
[unconnected_items]: Missing connection between items
    Local override; error
    @(170.3625 mm, 22.9000 mm): Pad 5 [Net-(U3-SW)] of U3 on B.Cu
    @(180.2750 mm, 22.9000 mm): Pad 1 [Net-(U3-SW)] of L2 on B.Cu
[unconnected_items]: Missing connection between items
    Local override; error
    @(170.7250 mm, 18.8000 mm): Pad 2 [Net-(U3-SW)] of C4 on B.Cu
    @(170.3625 mm, 22.9000 mm): Pad 5 [Net-(U3-SW)] of U3 on B.Cu
[unconnected_items]: Missing connection between items
    Local override; error
    @(170.3625 mm, 21.9500 mm): Pad 6 [Net-(U3-BST)] of U3 on B.Cu
    @(172.2750 mm, 18.8000 mm): Pad 1 [Net-(U3-BST)] of C4 on B.Cu

** Found 0 Footprint errors **

** Ignored checks **
    - Footprint has no courtyard defined
    - Track endpoint not centered on via
    - Tuning profile track geometries
    - Footprint doesn't match symbol's footprint filters
    - Footprint component type doesn't match footprint pads

** End of Report **
